<!doctype html>
<html lang="es">
  <head>
    <meta charset="UTF-8" />
    <link rel="icon" type="image/svg+xml" href="/favicon.svg" />
    <meta name="viewport" content="width=device-width, initial-scale=1.0" />
    <meta name="description" content="Fabricamos hilo poliéster de alta calidad y multifilamento para industria en todo México. Hilos delgados y gruesos de alta tenacidad para procesos exigentes." />
    <meta name="theme-color" content="#F7F2EB" />
    <title>Fábrica de Hilos Industriales de Alta Tenacidad | Hilos Alce Merida</title>
    <link rel="preconnect" href="https://fonts.googleapis.com" />
    <link rel="preconnect" href="https://fonts.gstatic.com" crossorigin />
    <link href="https://fonts.googleapis.com/css2?family=Space+Grotesk:wght@300;400;500;600;700&family=Inter:wght@300;400;500;600&family=DM+Mono:wght@400;500&display=swap" rel="stylesheet" />
    <script type="module" crossorigin src="/assets/index-CEp2ECs6.js"></script>
    <link rel="stylesheet" crossorigin href="/assets/index-MS4ygX4Y.css">
      <link rel="canonical" href="https://www.hilosalce.mx/merida" />
    <meta property="og:title" content="Fábrica de Hilos Industriales de Alta Tenacidad | Hilos Alce Merida" />
    <meta property="og:url" content="https://www.hilosalce.mx/merida" />
    <meta property="og:type" content="website" />
    <meta property="og:site_name" content="Hilos Alce" />
  </head>
  <body>
    <div id="root"></div>
  </body>
</html>

